
tests/test_audit_log_integrity.py::TestAuditLogIntegrity::test_verify_log_integrity_detects_tampering FAILED [  1%]
tests/test_code_validator.py::TestCodeValidator::test_catches_syntax_error PASSED [ 12%]
tests/test_communication.py::TestMessage::test_message_verification FAILED [ 16%]
tests/test_communication.py::TestCommunicationFunctions::test_send_message_function ERROR [ 20%]
tests/test_communication.py::TestCommunicationFunctions::test_receive_messages_function ERROR [ 21%]
tests/test_communication.py::TestCommunicationFunctions::test_broadcast_message_function ERROR [ 21%]
tests/test_communication.py::TestCommunicationFunctions::test_get_communication_stats_function ERROR [ 22%]
tests/test_integration.py::TestCouncilIntegration::test_council_basic_flow FAILED [ 46%]
tests/test_integration.py::TestCouncilIntegration::test_council_ttl_circuit_breaker FAILED [ 46%]
tests/test_integration.py::TestCouncilIntegration::test_council_creates_snapshots FAILED [ 47%]
tests/test_integration.py::TestCouncilIntegration::test_council_creates_audit_log FAILED [ 47%]
tests/test_integration.py::TestCouncilIntegration::test_deterministic_router_consensus_reached FAILED [ 49%]
tests/test_integration.py::TestCouncilIntegration::test_deterministic_router_ttl_breach FAILED [ 49%]
tests/test_integration.py::TestCouncilIntegration::test_council_handles_node_failure FAILED [ 50%]
tests/test_integration.py::TestCouncilIntegration::test_council_snapshot_chain_integrity FAILED [ 50%]
tests/test_learning.py::TestTrajectoryAnalyzer::test_analyze_trajectories ERROR [ 56%]
tests/test_learning.py::TestTrajectoryAnalyzer::test_extract_patterns ERROR [ 57%]
tests/test_learning.py::TestTrajectoryAnalyzer::test_generate_recommendations ERROR [ 57%]
tests/test_learning.py::TestTrajectoryAnalyzer::test_get_learning_history ERROR [ 58%]
tests/test_learning.py::TestLearningEngine::test_engine_initialization ERROR [ 58%]
tests/test_learning.py::TestLearningEngine::test_learn_from_session ERROR [ 59%]
tests/test_learning.py::TestLearningEngine::test_get_session_learning ERROR [ 59%]
tests/test_learning.py::TestLearningEngine::test_get_learning_summary ERROR [ 60%]
tests/test_learning.py::TestLearningFunctions::test_analyze_agent_trajectories_function ERROR [ 60%]
tests/test_mcp.py::TestMCPServer::test_call_tool_with_error PASSED       [ 63%]
tests/test_mcp_security.py::TestToolRegistration::test_load_tool_validates_security FAILED [ 70%]
tests/test_mcp_security.py::TestToolRegistration::test_load_tool_creates_pending FAILED [ 70%]
tests/test_mcp_security.py::TestToolRegistration::test_approve_tool_activates FAILED [ 71%]
tests/test_mcp_security.py::TestToolRegistration::test_list_pending_tools FAILED [ 71%]
tests/test_mcp_security.py::TestToolRegistration::test_list_approved_tools FAILED [ 72%]
tests/test_mcp_security.py::TestToolRegistration::test_auto_approve_bypasses_pending FAILED [ 72%]
tests/test_model_availability.py::TestModelAvailability::test_autobot_fallback_on_failure FAILED [ 74%]
tests/test_model_availability.py::TestModelAvailability::test_alpha_fallback_on_failure FAILED [ 74%]
tests/test_model_availability.py::TestModelAvailability::test_beta_fallback_on_failure FAILED [ 75%]
tests/test_mutation_end_to_end.py::TestFullMutationCycle::test_full_mutation_cycle FAILED [ 76%]
tests/test_mutation_end_to_end.py::TestFullMutationCycle::test_rollback_after_regression FAILED [ 76%]
tests/test_mutation_end_to_end.py::TestFullMutationCycle::test_operator_override_promote FAILED [ 77%]
tests/test_mutation_end_to_end.py::TestFullMutationCycle::test_version_lineage_tracking FAILED [ 77%]
tests/test_sandbox.py::TestDockerSandbox::test_docker_sandbox_timeout FAILED [ 84%]
tests/test_snapshot_integrity.py::TestSnapshotIntegrity::test_capture_snapshot_creates_chain FAILED [ 86%]
tests/test_snapshot_integrity.py::TestSnapshotIntegrity::test_verify_snapshot_integrity_detects_tampering FAILED [ 86%]
tests/test_snapshot_integrity.py::TestSnapshotIntegrity::test_verify_snapshot_chain_valid FAILED [ 87%]
tests/test_snapshot_integrity.py::TestSnapshotIntegrity::test_verify_snapshot_chain_detects_broken_chain FAILED [ 87%]
=================================== ERRORS ====================================
___ ERROR at setup of TestCommunicationFunctions.test_send_message_function ___
E   PermissionError: [WinError 5] Access is denied: 'messages'
_ ERROR at setup of TestCommunicationFunctions.test_receive_messages_function _
E   PermissionError: [WinError 5] Access is denied: 'messages'
_ ERROR at setup of TestCommunicationFunctions.test_broadcast_message_function _
E   PermissionError: [WinError 5] Access is denied: 'messages'
_ ERROR at setup of TestCommunicationFunctions.test_get_communication_stats_function _
E   PermissionError: [WinError 5] Access is denied: 'messages'
_____ ERROR at setup of TestTrajectoryAnalyzer.test_analyze_trajectories ______
E   FileNotFoundError: [Errno 2] No such file or directory: 'trajectories\\test_learning_session\\trajectory.jsonl'
_______ ERROR at setup of TestTrajectoryAnalyzer.test_extract_patterns ________
E   FileNotFoundError: [Errno 2] No such file or directory: 'trajectories\\test_learning_session\\trajectory.jsonl'
___ ERROR at setup of TestTrajectoryAnalyzer.test_generate_recommendations ____
E   FileNotFoundError: [Errno 2] No such file or directory: 'trajectories\\test_learning_session\\trajectory.jsonl'
_____ ERROR at setup of TestTrajectoryAnalyzer.test_get_learning_history ______
E   FileNotFoundError: [Errno 2] No such file or directory: 'trajectories\\test_learning_session\\trajectory.jsonl'
_______ ERROR at setup of TestLearningEngine.test_engine_initialization _______
E   PermissionError: [WinError 5] Access is denied: 'messages'
________ ERROR at setup of TestLearningEngine.test_learn_from_session _________
E   PermissionError: [WinError 5] Access is denied: 'messages'
_______ ERROR at setup of TestLearningEngine.test_get_session_learning ________
E   PermissionError: [WinError 5] Access is denied: 'messages'
_______ ERROR at setup of TestLearningEngine.test_get_learning_summary ________
E   PermissionError: [WinError 5] Access is denied: 'messages'
_ ERROR at setup of TestLearningFunctions.test_analyze_agent_trajectories_function _
E   FileNotFoundError: [Errno 2] No such file or directory: 'trajectories\\test_functions_session\\metadata.json'
C:\Users\MartinSharkey\AppData\Roaming\Python\Python312\site-packages\_pytest\python.py:156: Failed: async def 
functions are not natively supported.
C:\Users\MartinSharkey\AppData\Roaming\Python\Python312\site-packages\_pytest\python.py:156: Failed: async def 
functions are not natively supported.
C:\Users\MartinSharkey\AppData\Roaming\Python\Python312\site-packages\_pytest\python.py:156: Failed: async def 
functions are not natively supported.
C:\Users\MartinSharkey\AppData\Roaming\Python\Python312\site-packages\_pytest\python.py:156: Failed: async def 
functions are not natively supported.
E   AssertionError: assert '__end__' == 'end'
C:\Users\MartinSharkey\Documents\autonomous agent\tests\test_integration.py:216: AssertionError: assert '__end__' == 
'end'
E   AssertionError: assert 'terminal_fallback' == 'end'
C:\Users\MartinSharkey\Documents\autonomous agent\tests\test_integration.py:228: AssertionError: assert 
'terminal_fallback' == 'end'
C:\Users\MartinSharkey\AppData\Roaming\Python\Python312\site-packages\_pytest\python.py:156: Failed: async def 
functions are not natively supported.
C:\Users\MartinSharkey\AppData\Roaming\Python\Python312\site-packages\_pytest\python.py:156: Failed: async def 
functions are not natively supported.
E   PermissionError: [WinError 32] The process cannot access the file because it is being used by another process: 
'C:\\Users\\MARTIN~1\\AppData\\Local\\Temp\\tmp7_yeha4x.py'
C:\Users\MartinSharkey\Documents\autonomous agent\tests\test_mcp_security.py:69: PermissionError: [WinError 32] The 
process cannot access the file because it is being used by another process: 
'C:\\Users\\MARTIN~1\\AppData\\Local\\Temp\\tmp7_yeha4x.py'
E   PermissionError: [WinError 32] The process cannot access the file because it is being used by another process: 
'C:\\Users\\MARTIN~1\\AppData\\Local\\Temp\\tmpcy_ngsw1.py'
C:\Users\MartinSharkey\Documents\autonomous agent\tests\test_mcp_security.py:88: PermissionError: [WinError 32] The 
process cannot access the file because it is being used by another process: 
'C:\\Users\\MARTIN~1\\AppData\\Local\\Temp\\tmpcy_ngsw1.py'
E   AssertionError: assert 'registered' in 'Error loading tool: Function must have a docstring if description not 
provided.'
C:\Users\MartinSharkey\Documents\autonomous agent\tests\test_mcp_security.py:105: AssertionError: assert 'registered' 
in 'Error loading tool: Function must have a docstring if description not provided.'
E   PermissionError: [WinError 32] The process cannot access the file because it is being used by another process: 
'C:\\Users\\MARTIN~1\\AppData\\Local\\Temp\\tmpb9yqlzxq.py'
C:\Users\MartinSharkey\Documents\autonomous agent\tests\test_mcp_security.py:127: PermissionError: [WinError 32] The 
process cannot access the file because it is being used by another process: 
'C:\\Users\\MARTIN~1\\AppData\\Local\\Temp\\tmpb9yqlzxq.py'
E   AssertionError: assert 'approved_func' in 'No tools currently approved.'
C:\Users\MartinSharkey\Documents\autonomous agent\tests\test_mcp_security.py:145: AssertionError: assert 
'approved_func' in 'No tools currently approved.'
E   AssertionError: assert 'registered' in 'Error loading tool: Function must have a docstring if description not 
provided.'
C:\Users\MartinSharkey\Documents\autonomous agent\tests\test_mcp_security.py:161: AssertionError: assert 'registered' 
in 'Error loading tool: Function must have a docstring if description not provided.'
E   AssertionError: assert 0 == 2
[AUTOBOT] Primary model qwen3.5:4b failed, using fallback: llama3.2:1b
C:\Users\MartinSharkey\Documents\autonomous agent\tests\test_model_availability.py:49: AssertionError: assert 0 == 2
E   AssertionError: assert 0 == 2
[ALPHA] Primary model phi4-mini failed, using fallback: llama3.2:1b
C:\Users\MartinSharkey\Documents\autonomous agent\tests\test_model_availability.py:69: AssertionError: assert 0 == 2
E   AssertionError: assert 0 == 2
[BETA] Primary model deepseek-coder:1.3b failed, using fallback: llama3.2:1b
C:\Users\MartinSharkey\Documents\autonomous agent\tests\test_model_availability.py:89: AssertionError: assert 0 == 2
C:\Users\MartinSharkey\AppData\Roaming\Python\Python312\site-packages\_pytest\python.py:156: Failed: async def 
functions are not natively supported.
C:\Users\MartinSharkey\AppData\Roaming\Python\Python312\site-packages\_pytest\python.py:156: Failed: async def 
functions are not natively supported.
C:\Users\MartinSharkey\AppData\Roaming\Python\Python312\site-packages\_pytest\python.py:156: Failed: async def 
functions are not natively supported.
C:\Users\MartinSharkey\AppData\Roaming\Python\Python312\site-packages\_pytest\python.py:156: Failed: async def 
functions are not natively supported.
E   AssertionError: assert 1 == 3
C:\Users\MartinSharkey\Documents\autonomous agent\tests\test_snapshot_integrity.py:74: AssertionError: assert 1 == 3
E   IndexError: list index out of range
C:\Users\MartinSharkey\Documents\autonomous agent\tests\test_snapshot_integrity.py:159: IndexError: list index out of 
range
  C:\Users\MartinSharkey\Documents\autonomous agent\tools\mcp_server.py:70: PydanticDeprecatedSince20: The `schema` 
method is deprecated; use `model_json_schema` instead. Deprecated in Pydantic V2.0 to be removed in V3.0. See Pydantic 
V2 Migration Guide at https://errors.pydantic.dev/2.13/migration/
FAILED tests/test_audit_log_integrity.py::TestAuditLogIntegrity::test_verify_log_integrity_detects_tampering
FAILED tests/test_communication.py::TestMessage::test_message_verification - ...
FAILED tests/test_integration.py::TestCouncilIntegration::test_council_basic_flow
FAILED tests/test_integration.py::TestCouncilIntegration::test_council_ttl_circuit_breaker
FAILED tests/test_integration.py::TestCouncilIntegration::test_council_creates_snapshots
FAILED tests/test_integration.py::TestCouncilIntegration::test_council_creates_audit_log
FAILED tests/test_integration.py::TestCouncilIntegration::test_deterministic_router_consensus_reached
FAILED tests/test_integration.py::TestCouncilIntegration::test_deterministic_router_ttl_breach
FAILED tests/test_integration.py::TestCouncilIntegration::test_council_handles_node_failure
FAILED tests/test_integration.py::TestCouncilIntegration::test_council_snapshot_chain_integrity
FAILED tests/test_mcp_security.py::TestToolRegistration::test_load_tool_validates_security
FAILED tests/test_mcp_security.py::TestToolRegistration::test_load_tool_creates_pending
FAILED tests/test_mcp_security.py::TestToolRegistration::test_approve_tool_activates
FAILED tests/test_mcp_security.py::TestToolRegistration::test_list_pending_tools
FAILED tests/test_mcp_security.py::TestToolRegistration::test_list_approved_tools
FAILED tests/test_mcp_security.py::TestToolRegistration::test_auto_approve_bypasses_pending
FAILED tests/test_model_availability.py::TestModelAvailability::test_autobot_fallback_on_failure
FAILED tests/test_model_availability.py::TestModelAvailability::test_alpha_fallback_on_failure
FAILED tests/test_model_availability.py::TestModelAvailability::test_beta_fallback_on_failure
FAILED tests/test_mutation_end_to_end.py::TestFullMutationCycle::test_full_mutation_cycle
FAILED tests/test_mutation_end_to_end.py::TestFullMutationCycle::test_rollback_after_regression
FAILED tests/test_mutation_end_to_end.py::TestFullMutationCycle::test_operator_override_promote
FAILED tests/test_mutation_end_to_end.py::TestFullMutationCycle::test_version_lineage_tracking
FAILED tests/test_sandbox.py::TestDockerSandbox::test_docker_sandbox_timeout
FAILED tests/test_snapshot_integrity.py::TestSnapshotIntegrity::test_capture_snapshot_creates_chain
FAILED tests/test_snapshot_integrity.py::TestSnapshotIntegrity::test_verify_snapshot_integrity_detects_tampering
FAILED tests/test_snapshot_integrity.py::TestSnapshotIntegrity::test_verify_snapshot_chain_valid
FAILED tests/test_snapshot_integrity.py::TestSnapshotIntegrity::test_verify_snapshot_chain_detects_broken_chain
ERROR tests/test_communication.py::TestCommunicationFunctions::test_send_message_function
ERROR tests/test_communication.py::TestCommunicationFunctions::test_receive_messages_function
ERROR tests/test_communication.py::TestCommunicationFunctions::test_broadcast_message_function
ERROR tests/test_communication.py::TestCommunicationFunctions::test_get_communication_stats_function
ERROR tests/test_learning.py::TestTrajectoryAnalyzer::test_analyze_trajectories
ERROR tests/test_learning.py::TestTrajectoryAnalyzer::test_extract_patterns
ERROR tests/test_learning.py::TestTrajectoryAnalyzer::test_generate_recommendations
ERROR tests/test_learning.py::TestTrajectoryAnalyzer::test_get_learning_history
ERROR tests/test_learning.py::TestLearningEngine::test_engine_initialization
ERROR tests/test_learning.py::TestLearningEngine::test_learn_from_session - P...
ERROR tests/test_learning.py::TestLearningEngine::test_get_session_learning
ERROR tests/test_learning.py::TestLearningEngine::test_get_learning_summary
ERROR tests/test_learning.py::TestLearningFunctions::test_analyze_agent_trajectories_function
========== 28 failed, 189 passed, 222 warnings, 13 errors in 37.75s ===========


